// Jest Snapshot v1, https://goo.gl/fbAQLP

exports[`renders list of titles 1`] = `
<RCTScrollView
  ListFooterComponent={<Footer />}
  ListHeaderComponent={
    <Header
      totalResults={undefined}
    />
  }
  data={
    Array [
      Object {
        "Poster": "https://images-na.ssl-images-amazon.com/images/M/MV5BODAzMDgxMDc1MF5BMl5BanBnXkFtZTgwMTI0OTAzMjE@._V1_SX300.jpg",
        "Title": "The Hobbit: The Battle of the Five Armies",
        "Type": "movie",
        "Year": "2014",
        "imdbID": "tt2310332",
      },
      Object {
        "Poster": "https://images-na.ssl-images-amazon.com/images/M/MV5BMDg2NzQwOGMtMGRkNC00YjAwLTg4NjgtZWQwYzljZmM1YzA4XkEyXkFqcGdeQXVyNTIzOTk5ODM@._V1_SX300.jpg",
        "Title": "Battle Los Angeles",
        "Type": "movie",
        "Year": "2011",
        "imdbID": "tt1217613",
      },
      Object {
        "Poster": "https://images-na.ssl-images-amazon.com/images/M/MV5BMWI1YmQ0ZTctZWM2YS00YWE3LWE0NWUtNGE5YTFiNDlhOTY4L2ltYWdlXkEyXkFqcGdeQXVyMzM4MjM0Nzg@._V1_SX300.jpg",
        "Title": "Battle Royale",
        "Type": "movie",
        "Year": "2000",
        "imdbID": "tt0266308",
      },
      Object {
        "Poster": "https://images-na.ssl-images-amazon.com/images/M/MV5BMGZjZDE2NjUtMzVkNy00N2UyLTg5MjYtYzY1ZmM1YWY3ZTZmXkEyXkFqcGdeQXVyNjk1Njg5NTA@._V1_SX300.jpg",
        "Title": "Night at the Museum: Battle of the Smithsonian",
        "Type": "movie",
        "Year": "2009",
        "imdbID": "tt1078912",
      },
      Object {
        "Poster": "https://images-na.ssl-images-amazon.com/images/M/MV5BYzliNzI5NzgtNDZmNy00NGU4LTg2OTQtMDEzZTRiNDU3ZTI1XkEyXkFqcGdeQXVyMDUyOTUyNQ@@._V1_SX300.jpg",
        "Title": "The Battle of Algiers",
        "Type": "movie",
        "Year": "1966",
        "imdbID": "tt0058946",
      },
      Object {
        "Poster": "https://images-na.ssl-images-amazon.com/images/M/MV5BZTljYmU2NTMtODhhNC00NjlhLWJhZTUtNDllODYyYWM4ZjA5XkEyXkFqcGdeQXVyNjM0ODk5NDY@._V1_SX300.jpg",
        "Title": "Battle of the Sexes",
        "Type": "movie",
        "Year": "2017",
        "imdbID": "tt4622512",
      },
      Object {
        "Poster": "https://images-na.ssl-images-amazon.com/images/M/MV5BNWRlYjU3ODYtNzAzZS00YWE5LTkxZTEtYjM1YzIwZTlhMWQ2L2ltYWdlL2ltYWdlXkEyXkFqcGdeQXVyMTQxNzMzNDI@._V1_SX300.jpg",
        "Title": "Battle for the Planet of the Apes",
        "Type": "movie",
        "Year": "1973",
        "imdbID": "tt0069768",
      },
      Object {
        "Poster": "https://images-na.ssl-images-amazon.com/images/M/MV5BMjE2MzUwODUxMl5BMl5BanBnXkFtZTgwMTI0NDkzMjE@._V1_SX300.jpg",
        "Title": "Dragon Ball Z: Battle of Gods",
        "Type": "movie",
        "Year": "2013",
        "imdbID": "tt2263944",
      },
      Object {
        "Poster": "http://ia.media-imdb.com/images/M/MV5BMjE2MzUwODUxMl5BMl5BanBnXkFtZTgwMTI0NDkzMjE@._V1_SX300.jpg",
        "Title": "Dragon Ball Z: Battle of Gods",
        "Type": "movie",
        "Year": "2013",
        "imdbID": "tt2536562",
      },
      Object {
        "Poster": "https://images-na.ssl-images-amazon.com/images/M/MV5BYjY1NmY1MzUtOTgwYy00Mzk0LThkNzgtZGRhNWU4NmFmYzMyL2ltYWdlXkEyXkFqcGdeQXVyNjQzNDI3NzY@._V1_SX300.jpg",
        "Title": "Battle of Britain",
        "Type": "movie",
        "Year": "1969",
        "imdbID": "tt0064072",
      },
    ]
  }
  disableVirtualization={false}
  getItem={[Function]}
  getItemCount={[Function]}
  horizontal={false}
  initialNumToRender={8}
  keyExtractor={[Function]}
  maxToRenderPerBatch={10}
  numColumns={1}
  onContentSizeChange={[Function]}
  onEndReached={[Function]}
  onEndReachedThreshold={1}
  onLayout={[Function]}
  onMomentumScrollEnd={[Function]}
  onScroll={[Function]}
  onScrollBeginDrag={[Function]}
  onScrollEndDrag={[Function]}
  renderItem={[Function]}
  scrollEventThrottle={50}
  stickyHeaderIndices={Array []}
  updateCellsBatchingPeriod={50}
  viewabilityConfigCallbackPairs={Array []}
  windowSize={21}
>
  <View>
    <View
      onLayout={[Function]}
      style={null}
    >
      <Header
        totalResults={undefined}
      />
    </View>
    <View
      onLayout={[Function]}
      style={null}
    >
      <FilmListItem
        filmSummary={
          Object {
            "Poster": "https://images-na.ssl-images-amazon.com/images/M/MV5BODAzMDgxMDc1MF5BMl5BanBnXkFtZTgwMTI0OTAzMjE@._V1_SX300.jpg",
            "Title": "The Hobbit: The Battle of the Five Armies",
            "Type": "movie",
            "Year": "2014",
            "imdbID": "tt2310332",
          }
        }
        navigateToDetailsScreen={[Function]}
      />
    </View>
    <View
      onLayout={[Function]}
      style={null}
    >
      <FilmListItem
        filmSummary={
          Object {
            "Poster": "https://images-na.ssl-images-amazon.com/images/M/MV5BMDg2NzQwOGMtMGRkNC00YjAwLTg4NjgtZWQwYzljZmM1YzA4XkEyXkFqcGdeQXVyNTIzOTk5ODM@._V1_SX300.jpg",
            "Title": "Battle Los Angeles",
            "Type": "movie",
            "Year": "2011",
            "imdbID": "tt1217613",
          }
        }
        navigateToDetailsScreen={[Function]}
      />
    </View>
    <View
      onLayout={[Function]}
      style={null}
    >
      <FilmListItem
        filmSummary={
          Object {
            "Poster": "https://images-na.ssl-images-amazon.com/images/M/MV5BMWI1YmQ0ZTctZWM2YS00YWE3LWE0NWUtNGE5YTFiNDlhOTY4L2ltYWdlXkEyXkFqcGdeQXVyMzM4MjM0Nzg@._V1_SX300.jpg",
            "Title": "Battle Royale",
            "Type": "movie",
            "Year": "2000",
            "imdbID": "tt0266308",
          }
        }
        navigateToDetailsScreen={[Function]}
      />
    </View>
    <View
      onLayout={[Function]}
      style={null}
    >
      <FilmListItem
        filmSummary={
          Object {
            "Poster": "https://images-na.ssl-images-amazon.com/images/M/MV5BMGZjZDE2NjUtMzVkNy00N2UyLTg5MjYtYzY1ZmM1YWY3ZTZmXkEyXkFqcGdeQXVyNjk1Njg5NTA@._V1_SX300.jpg",
            "Title": "Night at the Museum: Battle of the Smithsonian",
            "Type": "movie",
            "Year": "2009",
            "imdbID": "tt1078912",
          }
        }
        navigateToDetailsScreen={[Function]}
      />
    </View>
    <View
      onLayout={[Function]}
      style={null}
    >
      <FilmListItem
        filmSummary={
          Object {
            "Poster": "https://images-na.ssl-images-amazon.com/images/M/MV5BYzliNzI5NzgtNDZmNy00NGU4LTg2OTQtMDEzZTRiNDU3ZTI1XkEyXkFqcGdeQXVyMDUyOTUyNQ@@._V1_SX300.jpg",
            "Title": "The Battle of Algiers",
            "Type": "movie",
            "Year": "1966",
            "imdbID": "tt0058946",
          }
        }
        navigateToDetailsScreen={[Function]}
      />
    </View>
    <View
      onLayout={[Function]}
      style={null}
    >
      <FilmListItem
        filmSummary={
          Object {
            "Poster": "https://images-na.ssl-images-amazon.com/images/M/MV5BZTljYmU2NTMtODhhNC00NjlhLWJhZTUtNDllODYyYWM4ZjA5XkEyXkFqcGdeQXVyNjM0ODk5NDY@._V1_SX300.jpg",
            "Title": "Battle of the Sexes",
            "Type": "movie",
            "Year": "2017",
            "imdbID": "tt4622512",
          }
        }
        navigateToDetailsScreen={[Function]}
      />
    </View>
    <View
      onLayout={[Function]}
      style={null}
    >
      <FilmListItem
        filmSummary={
          Object {
            "Poster": "https://images-na.ssl-images-amazon.com/images/M/MV5BNWRlYjU3ODYtNzAzZS00YWE5LTkxZTEtYjM1YzIwZTlhMWQ2L2ltYWdlL2ltYWdlXkEyXkFqcGdeQXVyMTQxNzMzNDI@._V1_SX300.jpg",
            "Title": "Battle for the Planet of the Apes",
            "Type": "movie",
            "Year": "1973",
            "imdbID": "tt0069768",
          }
        }
        navigateToDetailsScreen={[Function]}
      />
    </View>
    <View
      onLayout={[Function]}
      style={null}
    >
      <FilmListItem
        filmSummary={
          Object {
            "Poster": "https://images-na.ssl-images-amazon.com/images/M/MV5BMjE2MzUwODUxMl5BMl5BanBnXkFtZTgwMTI0NDkzMjE@._V1_SX300.jpg",
            "Title": "Dragon Ball Z: Battle of Gods",
            "Type": "movie",
            "Year": "2013",
            "imdbID": "tt2263944",
          }
        }
        navigateToDetailsScreen={[Function]}
      />
    </View>
    <View
      style={
        Object {
          "height": 0,
        }
      }
    />
    <View
      onLayout={[Function]}
      style={null}
    >
      <Footer />
    </View>
  </View>
</RCTScrollView>
`;
