// Jest Snapshot v1, https://goo.gl/fbAQLP

exports[`renders a title 1`] = `
<View>
  <View
    style={
      Object {
        "alignContent": "flex-start",
        "alignItems": "baseline",
        "display": "flex",
        "flexDirection": "row",
        "justifyContent": "flex-start",
      }
    }
  >
    <View
      accessibilityComponentType={undefined}
      accessibilityLabel={undefined}
      accessibilityTraits={undefined}
      accessible={true}
      collapsable={undefined}
      hasTVPreferredFocus={undefined}
      hitSlop={undefined}
      isTVSelectable={true}
      nativeID={undefined}
      onLayout={undefined}
      onResponderGrant={[Function]}
      onResponderMove={[Function]}
      onResponderRelease={[Function]}
      onResponderTerminate={[Function]}
      onResponderTerminationRequest={[Function]}
      onStartShouldSetResponder={[Function]}
      style={
        Object {
          "opacity": 1,
        }
      }
      testID={undefined}
      tvParallaxProperties={undefined}
    >
      <Text
        accessible={true}
        allowFontScaling={true}
        ellipsizeMode="tail"
        style={
          Object {
            "fontSize": 24,
          }
        }
      >
        ‚óÅ
      </Text>
    </View>
    <Text
      accessible={true}
      allowFontScaling={true}
      ellipsizeMode="tail"
      style={
        Object {
          "flex": 2,
          "fontSize": 20,
          "fontWeight": "bold",
          "marginBottom": 5,
          "textAlign": "center",
        }
      }
    >
      The Battle of Algiers
    </Text>
  </View>
  <Image
    resizeMode="contain"
    source={
      Object {
        "uri": "https://images-na.ssl-images-amazon.com/images/M/MV5BYzliNzI5NzgtNDZmNy00NGU4LTg2OTQtMDEzZTRiNDU3ZTI1XkEyXkFqcGdeQXVyMDUyOTUyNQ@@._V1_SX300.jpg",
      }
    }
    style={
      Object {
        "height": 300,
        "marginBottom": 10,
        "marginTop": 10,
      }
    }
  />
  <RCTScrollView
    data={
      Array [
        Object {
          "text": "1966",
        },
        Object {
          "text": "Directed by Gillo Pontecorvo",
        },
        Object {
          "text": "Written by Franco Solinas, Franco Solinas (story), Gillo Pontecorvo (story)",
        },
        Object {
          "text": "Cast: Jean Martin, Yacef Saadi, Brahim Hadjadj, Tommaso Neri",
        },
        Object {
          "text": "Language: French, Arabic, English",
        },
        Object {
          "cond": true,
          "text": "Awards: Nominated for 3 Oscars. Another 9 wins & 5 nominations.",
        },
        Object {
          "text": "Run Time: 121 min",
        },
        Object {
          "text": "IMDB Rating: 8.1/10",
        },
        Object {
          "text": "Box Office: $55,908",
        },
        Object {
          "cond": "http://rialtopictures.com/battle.html",
          "text": "Official Website",
          "url": "http://rialtopictures.com/battle.html",
        },
        Object {
          "text": "IMDB page",
          "url": "https://www.imdb.com/title/tt0058946",
        },
      ]
    }
    disableVirtualization={false}
    getItem={[Function]}
    getItemCount={[Function]}
    horizontal={false}
    initialNumToRender={10}
    keyExtractor={[Function]}
    maxToRenderPerBatch={10}
    numColumns={1}
    onContentSizeChange={[Function]}
    onEndReachedThreshold={2}
    onLayout={[Function]}
    onMomentumScrollEnd={[Function]}
    onScroll={[Function]}
    onScrollBeginDrag={[Function]}
    onScrollEndDrag={[Function]}
    renderItem={[Function]}
    scrollEventThrottle={50}
    stickyHeaderIndices={Array []}
    updateCellsBatchingPeriod={50}
    viewabilityConfigCallbackPairs={Array []}
    windowSize={21}
  >
    <View>
      <View
        onLayout={[Function]}
        style={null}
      >
        <Text
          accessible={true}
          allowFontScaling={true}
          ellipsizeMode="tail"
          style={
            Object {
              "fontSize": 16,
            }
          }
        >
          1966
        </Text>
      </View>
      <View
        onLayout={[Function]}
        style={null}
      >
        <Text
          accessible={true}
          allowFontScaling={true}
          ellipsizeMode="tail"
          style={
            Object {
              "fontSize": 16,
            }
          }
        >
          Directed by Gillo Pontecorvo
        </Text>
      </View>
      <View
        onLayout={[Function]}
        style={null}
      >
        <Text
          accessible={true}
          allowFontScaling={true}
          ellipsizeMode="tail"
          style={
            Object {
              "fontSize": 16,
            }
          }
        >
          Written by Franco Solinas, Franco Solinas (story), Gillo Pontecorvo (story)
        </Text>
      </View>
      <View
        onLayout={[Function]}
        style={null}
      >
        <Text
          accessible={true}
          allowFontScaling={true}
          ellipsizeMode="tail"
          style={
            Object {
              "fontSize": 16,
            }
          }
        >
          Cast: Jean Martin, Yacef Saadi, Brahim Hadjadj, Tommaso Neri
        </Text>
      </View>
      <View
        onLayout={[Function]}
        style={null}
      >
        <Text
          accessible={true}
          allowFontScaling={true}
          ellipsizeMode="tail"
          style={
            Object {
              "fontSize": 16,
            }
          }
        >
          Language: French, Arabic, English
        </Text>
      </View>
      <View
        onLayout={[Function]}
        style={null}
      >
        <Text
          accessible={true}
          allowFontScaling={true}
          ellipsizeMode="tail"
          style={
            Object {
              "fontSize": 16,
            }
          }
        >
          Awards: Nominated for 3 Oscars. Another 9 wins & 5 nominations.
        </Text>
      </View>
      <View
        onLayout={[Function]}
        style={null}
      >
        <Text
          accessible={true}
          allowFontScaling={true}
          ellipsizeMode="tail"
          style={
            Object {
              "fontSize": 16,
            }
          }
        >
          Run Time: 121 min
        </Text>
      </View>
      <View
        onLayout={[Function]}
        style={null}
      >
        <Text
          accessible={true}
          allowFontScaling={true}
          ellipsizeMode="tail"
          style={
            Object {
              "fontSize": 16,
            }
          }
        >
          IMDB Rating: 8.1/10
        </Text>
      </View>
      <View
        onLayout={[Function]}
        style={null}
      >
        <Text
          accessible={true}
          allowFontScaling={true}
          ellipsizeMode="tail"
          style={
            Object {
              "fontSize": 16,
            }
          }
        >
          Box Office: $55,908
        </Text>
      </View>
      <View
        onLayout={[Function]}
        style={null}
      >
        <Text
          accessible={true}
          allowFontScaling={true}
          ellipsizeMode="tail"
          onPress={[Function]}
          style={
            Object {
              "fontSize": 16,
            }
          }
        >
          Official Website
        </Text>
      </View>
      <View
        style={
          Object {
            "height": 0,
          }
        }
      />
    </View>
  </RCTScrollView>
</View>
`;
