// Jest Snapshot v1, https://goo.gl/fbAQLP

exports[`renders 1`] = `
<View
  style={
    Object {
      "alignItems": "stretch",
      "flex": 1,
    }
  }
>
  <Image
    source={
      Object {
        "uri": "https://my.url.org",
      }
    }
    style={
      Object {
        "flex": 1,
      }
    }
  />
</View>
`;
