// Jest Snapshot v1, https://goo.gl/fbAQLP

exports[`renders 1`] = `
<View
  accessibilityComponentType={undefined}
  accessibilityLabel={undefined}
  accessibilityTraits={undefined}
  accessible={true}
  hasTVPreferredFocus={undefined}
  hitSlop={undefined}
  isTVSelectable={true}
  nativeID={undefined}
  onLayout={undefined}
  onResponderGrant={[Function]}
  onResponderMove={[Function]}
  onResponderRelease={[Function]}
  onResponderTerminate={[Function]}
  onResponderTerminationRequest={[Function]}
  onStartShouldSetResponder={[Function]}
  style={null}
  testID={undefined}
  tvParallaxProperties={undefined}
>
  <View
    onPress={undefined}
    style={
      Array [
        false,
        false,
        false,
        Object {
          "alignItems": "center",
          "backgroundColor": "transparent",
          "justifyContent": "center",
        },
        undefined,
      ]
    }
    underlayColor="white"
  >
    <Text
      accessible={true}
      allowFontScaling={false}
      ellipsizeMode="tail"
      style={
        Array [
          Object {
            "color": "black",
            "fontSize": 24,
          },
          Array [
            Object {
              "backgroundColor": "transparent",
            },
            undefined,
          ],
          Object {
            "fontFamily": "Material Icons",
            "fontStyle": "normal",
            "fontWeight": "normal",
          },
        ]
      }
    >
      î—„
    </Text>
  </View>
</View>
`;
