// Jest Snapshot v1, https://goo.gl/fbAQLP

exports[`renders 1`] = `
<View
  style={
    Object {
      "backgroundColor": "#05347f",
      "flexDirection": "row",
      "justifyContent": "space-between",
      "marginTop": 5,
      "padding": 10,
    }
  }
>
  <Text
    accessible={true}
    allowFontScaling={true}
    ellipsizeMode="tail"
    style={
      Object {
        "color": "white",
        "fontSize": 16,
        "marginBottom": 3,
      }
    }
  >
    Search Open Movie Database
    Â 
    <Text
      accessible={true}
      allowFontScaling={true}
      ellipsizeMode="tail"
      onPress={[Function]}
      style={
        Object {
          "color": "white",
          "fontSize": 12,
        }
      }
    >
      (OMDB)
    </Text>
  </Text>
</View>
`;
