// Jest Snapshot v1, https://goo.gl/fbAQLP

exports[`renders() 1`] = `
<button
  id="close-button"
  onPress={[MockFunction]}
  style={
    Object {
      "background": "none",
      "border": "none",
      "cursor": "pointer",
      "fontSize": 20,
      "margin": 8,
      "padding": "0!important",
    }
  }
  title="Close"
>
  âœ•
</button>
`;
