// Jest Snapshot v1, https://goo.gl/fbAQLP

exports[`renders children when condition is truthy 1`] = `
<Text
  accessible={true}
  allowFontScaling={true}
  ellipsizeMode="tail"
>
  some content
</Text>
`;
