// Jest Snapshot v1, https://goo.gl/fbAQLP

exports[`renders 1`] = `
<View
  style={
    Object {
      "alignItems": "baseline",
      "flexDirection": "row",
      "flexWrap": "wrap",
      "justifyContent": "space-between",
      "marginBottom": 8,
      "marginTop": 10,
    }
  }
>
  <View
    accessibilityComponentType={undefined}
    accessibilityLabel={undefined}
    accessibilityTraits={undefined}
    accessible={true}
    hasTVPreferredFocus={undefined}
    hitSlop={undefined}
    isTVSelectable={true}
    nativeID={undefined}
    onLayout={undefined}
    onResponderGrant={[Function]}
    onResponderMove={[Function]}
    onResponderRelease={[Function]}
    onResponderTerminate={[Function]}
    onResponderTerminationRequest={[Function]}
    onStartShouldSetResponder={[Function]}
    style={null}
    testID={undefined}
    tvParallaxProperties={undefined}
  >
    <View
      onPress={undefined}
      style={
        Array [
          false,
          false,
          false,
          Object {
            "alignItems": "center",
            "backgroundColor": "transparent",
            "justifyContent": "center",
          },
          undefined,
        ]
      }
      underlayColor="white"
    >
      <Text
        accessible={true}
        allowFontScaling={false}
        ellipsizeMode="tail"
        style={
          Array [
            Object {
              "color": "black",
              "fontSize": 24,
            },
            Array [
              Object {
                "backgroundColor": "transparent",
              },
              undefined,
            ],
            Object {
              "fontFamily": "Material Icons",
              "fontStyle": "normal",
              "fontWeight": "normal",
            },
          ]
        }
      >
        î—„
      </Text>
    </View>
  </View>
  <View
    style={
      Object {
        "flexDirection": "row",
        "flexWrap": "wrap",
      }
    }
  >
    <Text
      accessible={true}
      allowFontScaling={true}
      ellipsizeMode="tail"
      style={
        Object {
          "flexWrap": "wrap",
          "fontSize": 20,
          "fontWeight": "bold",
          "marginLeft": 10,
        }
      }
    >
      The Battle of Algiers
    </Text>
    <Text
      accessible={true}
      allowFontScaling={true}
      ellipsizeMode="tail"
      style={
        Object {
          "color": "#aaa",
          "fontSize": 16,
        }
      }
    >
        (1966)
    </Text>
  </View>
  <View
    style={
      Object {
        "width": 24,
      }
    }
  >
    <Text
      accessible={true}
      allowFontScaling={true}
      ellipsizeMode="tail"
      style={
        Object {
          "color": "transparent",
        }
      }
    >
      x
    </Text>
  </View>
</View>
`;
