// Jest Snapshot v1, https://goo.gl/fbAQLP

exports[`renders a title 1`] = `
<View>
  <DetailHeader />
  <Poster />
  <FilmPlot />
  <View
    style={
      Array [
        Object {
          "backgroundColor": "#ffffff",
          "borderColor": "#bbb",
          "borderTopWidth": 1,
          "marginTop": 20,
        },
        undefined,
      ]
    }
  >
    <View
      disabled={false}
      onLongPress={undefined}
      onPress={undefined}
      style={
        Array [
          Object {
            "backgroundColor": "transparent",
            "borderBottomColor": "#bbb",
            "borderBottomWidth": 1,
            "paddingBottom": 10,
            "paddingRight": 10,
            "paddingTop": 10,
          },
          undefined,
          false,
          false,
        ]
      }
      underlayColor="white"
    >
      <View
        style={
          Array [
            Object {
              "alignItems": "center",
              "flexDirection": "row",
              "marginLeft": 10,
            },
            undefined,
          ]
        }
      >
        <View
          style={
            Object {
              "flex": 1,
              "justifyContent": "center",
            }
          }
        >
          <View
            style={undefined}
          >
            <Text
              accessible={true}
              allowFontScaling={true}
              ellipsizeMode="tail"
              numberOfLines={1}
              style={
                Array [
                  Object {},
                  undefined,
                  undefined,
                  undefined,
                  undefined,
                  undefined,
                  undefined,
                  undefined,
                  undefined,
                  undefined,
                  Array [
                    Object {
                      "color": "#43484d",
                      "fontSize": 17.5,
                    },
                    Object {
                      "marginLeft": 10,
                    },
                    undefined,
                    undefined,
                  ],
                ]
              }
            >
              Directed by Gillo Pontecorvo
            </Text>
          </View>
          <View
            style={undefined}
          >
            <View />
          </View>
        </View>
      </View>
    </View>
    <View
      disabled={false}
      onLongPress={undefined}
      onPress={undefined}
      style={
        Array [
          Object {
            "backgroundColor": "transparent",
            "borderBottomColor": "#bbb",
            "borderBottomWidth": 1,
            "paddingBottom": 10,
            "paddingRight": 10,
            "paddingTop": 10,
          },
          undefined,
          false,
          false,
        ]
      }
      underlayColor="white"
    >
      <View
        style={
          Array [
            Object {
              "alignItems": "center",
              "flexDirection": "row",
              "marginLeft": 10,
            },
            undefined,
          ]
        }
      >
        <View
          style={
            Object {
              "flex": 1,
              "justifyContent": "center",
            }
          }
        >
          <View
            style={undefined}
          >
            <Text
              accessible={true}
              allowFontScaling={true}
              ellipsizeMode="tail"
              numberOfLines={1}
              style={
                Array [
                  Object {},
                  undefined,
                  undefined,
                  undefined,
                  undefined,
                  undefined,
                  undefined,
                  undefined,
                  undefined,
                  undefined,
                  Array [
                    Object {
                      "color": "#43484d",
                      "fontSize": 17.5,
                    },
                    Object {
                      "marginLeft": 10,
                    },
                    undefined,
                    undefined,
                  ],
                ]
              }
            >
              Written by Franco Solinas, Franco Solinas (story), Gillo Pontecorvo (story)
            </Text>
          </View>
          <View
            style={undefined}
          >
            <View />
          </View>
        </View>
      </View>
    </View>
    <View
      disabled={false}
      onLongPress={undefined}
      onPress={undefined}
      style={
        Array [
          Object {
            "backgroundColor": "transparent",
            "borderBottomColor": "#bbb",
            "borderBottomWidth": 1,
            "paddingBottom": 10,
            "paddingRight": 10,
            "paddingTop": 10,
          },
          undefined,
          false,
          false,
        ]
      }
      underlayColor="white"
    >
      <View
        style={
          Array [
            Object {
              "alignItems": "center",
              "flexDirection": "row",
              "marginLeft": 10,
            },
            undefined,
          ]
        }
      >
        <View
          style={
            Object {
              "flex": 1,
              "justifyContent": "center",
            }
          }
        >
          <View
            style={undefined}
          >
            <Text
              accessible={true}
              allowFontScaling={true}
              ellipsizeMode="tail"
              numberOfLines={1}
              style={
                Array [
                  Object {},
                  undefined,
                  undefined,
                  undefined,
                  undefined,
                  undefined,
                  undefined,
                  undefined,
                  undefined,
                  undefined,
                  Array [
                    Object {
                      "color": "#43484d",
                      "fontSize": 17.5,
                    },
                    Object {
                      "marginLeft": 10,
                    },
                    undefined,
                    undefined,
                  ],
                ]
              }
            >
              Cast: Jean Martin, Yacef Saadi, Brahim Hadjadj, Tommaso Neri
            </Text>
          </View>
          <View
            style={undefined}
          >
            <View />
          </View>
        </View>
      </View>
    </View>
    <View
      disabled={false}
      onLongPress={undefined}
      onPress={undefined}
      style={
        Array [
          Object {
            "backgroundColor": "transparent",
            "borderBottomColor": "#bbb",
            "borderBottomWidth": 1,
            "paddingBottom": 10,
            "paddingRight": 10,
            "paddingTop": 10,
          },
          undefined,
          false,
          false,
        ]
      }
      underlayColor="white"
    >
      <View
        style={
          Array [
            Object {
              "alignItems": "center",
              "flexDirection": "row",
              "marginLeft": 10,
            },
            undefined,
          ]
        }
      >
        <View
          style={
            Object {
              "flex": 1,
              "justifyContent": "center",
            }
          }
        >
          <View
            style={undefined}
          >
            <Text
              accessible={true}
              allowFontScaling={true}
              ellipsizeMode="tail"
              numberOfLines={1}
              style={
                Array [
                  Object {},
                  undefined,
                  undefined,
                  undefined,
                  undefined,
                  undefined,
                  undefined,
                  undefined,
                  undefined,
                  undefined,
                  Array [
                    Object {
                      "color": "#43484d",
                      "fontSize": 17.5,
                    },
                    Object {
                      "marginLeft": 10,
                    },
                    undefined,
                    undefined,
                  ],
                ]
              }
            >
              Language: French, Arabic, English
            </Text>
          </View>
          <View
            style={undefined}
          >
            <View />
          </View>
        </View>
      </View>
    </View>
    <View
      disabled={false}
      onLongPress={undefined}
      onPress={undefined}
      style={
        Array [
          Object {
            "backgroundColor": "transparent",
            "borderBottomColor": "#bbb",
            "borderBottomWidth": 1,
            "paddingBottom": 10,
            "paddingRight": 10,
            "paddingTop": 10,
          },
          undefined,
          false,
          false,
        ]
      }
      underlayColor="white"
    >
      <View
        style={
          Array [
            Object {
              "alignItems": "center",
              "flexDirection": "row",
              "marginLeft": 10,
            },
            undefined,
          ]
        }
      >
        <View
          style={
            Object {
              "flex": 1,
              "justifyContent": "center",
            }
          }
        >
          <View
            style={undefined}
          >
            <Text
              accessible={true}
              allowFontScaling={true}
              ellipsizeMode="tail"
              numberOfLines={1}
              style={
                Array [
                  Object {},
                  undefined,
                  undefined,
                  undefined,
                  undefined,
                  undefined,
                  undefined,
                  undefined,
                  undefined,
                  undefined,
                  Array [
                    Object {
                      "color": "#43484d",
                      "fontSize": 17.5,
                    },
                    Object {
                      "marginLeft": 10,
                    },
                    undefined,
                    undefined,
                  ],
                ]
              }
            >
              Awards: Nominated for 3 Oscars. Another 9 wins & 5 nominations.
            </Text>
          </View>
          <View
            style={undefined}
          >
            <View />
          </View>
        </View>
      </View>
    </View>
    <View
      disabled={false}
      onLongPress={undefined}
      onPress={undefined}
      style={
        Array [
          Object {
            "backgroundColor": "transparent",
            "borderBottomColor": "#bbb",
            "borderBottomWidth": 1,
            "paddingBottom": 10,
            "paddingRight": 10,
            "paddingTop": 10,
          },
          undefined,
          false,
          false,
        ]
      }
      underlayColor="white"
    >
      <View
        style={
          Array [
            Object {
              "alignItems": "center",
              "flexDirection": "row",
              "marginLeft": 10,
            },
            undefined,
          ]
        }
      >
        <View
          style={
            Object {
              "flex": 1,
              "justifyContent": "center",
            }
          }
        >
          <View
            style={undefined}
          >
            <Text
              accessible={true}
              allowFontScaling={true}
              ellipsizeMode="tail"
              numberOfLines={1}
              style={
                Array [
                  Object {},
                  undefined,
                  undefined,
                  undefined,
                  undefined,
                  undefined,
                  undefined,
                  undefined,
                  undefined,
                  undefined,
                  Array [
                    Object {
                      "color": "#43484d",
                      "fontSize": 17.5,
                    },
                    Object {
                      "marginLeft": 10,
                    },
                    undefined,
                    undefined,
                  ],
                ]
              }
            >
              Run Time: 121 min
            </Text>
          </View>
          <View
            style={undefined}
          >
            <View />
          </View>
        </View>
      </View>
    </View>
    <View
      disabled={false}
      onLongPress={undefined}
      onPress={undefined}
      style={
        Array [
          Object {
            "backgroundColor": "transparent",
            "borderBottomColor": "#bbb",
            "borderBottomWidth": 1,
            "paddingBottom": 10,
            "paddingRight": 10,
            "paddingTop": 10,
          },
          undefined,
          false,
          false,
        ]
      }
      underlayColor="white"
    >
      <View
        style={
          Array [
            Object {
              "alignItems": "center",
              "flexDirection": "row",
              "marginLeft": 10,
            },
            undefined,
          ]
        }
      >
        <View
          style={
            Object {
              "flex": 1,
              "justifyContent": "center",
            }
          }
        >
          <View
            style={undefined}
          >
            <Text
              accessible={true}
              allowFontScaling={true}
              ellipsizeMode="tail"
              numberOfLines={1}
              style={
                Array [
                  Object {},
                  undefined,
                  undefined,
                  undefined,
                  undefined,
                  undefined,
                  undefined,
                  undefined,
                  undefined,
                  undefined,
                  Array [
                    Object {
                      "color": "#43484d",
                      "fontSize": 17.5,
                    },
                    Object {
                      "marginLeft": 10,
                    },
                    undefined,
                    undefined,
                  ],
                ]
              }
            >
              IMDB Rating: 8.1/10
            </Text>
          </View>
          <View
            style={undefined}
          >
            <View />
          </View>
        </View>
      </View>
    </View>
    <View
      disabled={false}
      onLongPress={undefined}
      onPress={undefined}
      style={
        Array [
          Object {
            "backgroundColor": "transparent",
            "borderBottomColor": "#bbb",
            "borderBottomWidth": 1,
            "paddingBottom": 10,
            "paddingRight": 10,
            "paddingTop": 10,
          },
          undefined,
          false,
          false,
        ]
      }
      underlayColor="white"
    >
      <View
        style={
          Array [
            Object {
              "alignItems": "center",
              "flexDirection": "row",
              "marginLeft": 10,
            },
            undefined,
          ]
        }
      >
        <View
          style={
            Object {
              "flex": 1,
              "justifyContent": "center",
            }
          }
        >
          <View
            style={undefined}
          >
            <Text
              accessible={true}
              allowFontScaling={true}
              ellipsizeMode="tail"
              numberOfLines={1}
              style={
                Array [
                  Object {},
                  undefined,
                  undefined,
                  undefined,
                  undefined,
                  undefined,
                  undefined,
                  undefined,
                  undefined,
                  undefined,
                  Array [
                    Object {
                      "color": "#43484d",
                      "fontSize": 17.5,
                    },
                    Object {
                      "marginLeft": 10,
                    },
                    undefined,
                    undefined,
                  ],
                ]
              }
            >
              Box Office: $55,908
            </Text>
          </View>
          <View
            style={undefined}
          >
            <View />
          </View>
        </View>
      </View>
    </View>
    <View
      accessibilityComponentType={undefined}
      accessibilityLabel={undefined}
      accessibilityTraits={undefined}
      accessible={true}
      hasTVPreferredFocus={undefined}
      hitSlop={undefined}
      isTVSelectable={true}
      nativeID={undefined}
      onLayout={undefined}
      onResponderGrant={[Function]}
      onResponderMove={[Function]}
      onResponderRelease={[Function]}
      onResponderTerminate={[Function]}
      onResponderTerminationRequest={[Function]}
      onStartShouldSetResponder={[Function]}
      style={
        Array [
          Object {
            "backgroundColor": "transparent",
            "borderBottomColor": "#bbb",
            "borderBottomWidth": 1,
            "paddingBottom": 10,
            "paddingRight": 10,
            "paddingTop": 10,
          },
          undefined,
          false,
          false,
        ]
      }
      testID={undefined}
      tvParallaxProperties={undefined}
    >
      <View
        style={
          Array [
            Object {
              "alignItems": "center",
              "flexDirection": "row",
              "marginLeft": 10,
            },
            undefined,
          ]
        }
      >
        <View
          style={
            Object {
              "flex": 1,
              "justifyContent": "center",
            }
          }
        >
          <View
            style={undefined}
          >
            <Text
              accessible={true}
              allowFontScaling={true}
              ellipsizeMode="tail"
              numberOfLines={1}
              style={
                Array [
                  Object {},
                  undefined,
                  undefined,
                  undefined,
                  undefined,
                  undefined,
                  undefined,
                  undefined,
                  undefined,
                  undefined,
                  Array [
                    Object {
                      "color": "#43484d",
                      "fontSize": 17.5,
                    },
                    Object {
                      "marginLeft": 10,
                    },
                    undefined,
                    undefined,
                  ],
                ]
              }
            >
              Official Website
            </Text>
          </View>
          <View
            style={undefined}
          >
            <View />
          </View>
        </View>
        <View
          accessibilityComponentType={undefined}
          accessibilityLabel={undefined}
          accessibilityTraits={undefined}
          accessible={true}
          collapsable={undefined}
          hasTVPreferredFocus={undefined}
          hitSlop={undefined}
          isTVSelectable={true}
          nativeID={undefined}
          onLayout={undefined}
          onResponderGrant={[Function]}
          onResponderMove={[Function]}
          onResponderRelease={[Function]}
          onResponderTerminate={[Function]}
          onResponderTerminationRequest={[Function]}
          onStartShouldSetResponder={[Function]}
          style={
            Object {
              "alignItems": "flex-end",
              "justifyContent": "center",
              "opacity": 1,
            }
          }
          testID={undefined}
          tvParallaxProperties={undefined}
        >
          <View
            onPress={undefined}
            style={
              Array [
                false,
                false,
                false,
                Object {
                  "alignItems": "center",
                  "backgroundColor": "transparent",
                  "justifyContent": "center",
                },
                undefined,
              ]
            }
            underlayColor="white"
          >
            <Text
              accessible={true}
              allowFontScaling={false}
              ellipsizeMode="tail"
              style={
                Array [
                  Object {
                    "color": "#bdc6cf",
                    "fontSize": 28,
                  },
                  Array [
                    Object {
                      "backgroundColor": "transparent",
                    },
                    undefined,
                  ],
                  Object {
                    "fontFamily": "Material Icons",
                    "fontStyle": "normal",
                    "fontWeight": "normal",
                  },
                ]
              }
            >
              
            </Text>
          </View>
        </View>
      </View>
    </View>
    <View
      accessibilityComponentType={undefined}
      accessibilityLabel={undefined}
      accessibilityTraits={undefined}
      accessible={true}
      hasTVPreferredFocus={undefined}
      hitSlop={undefined}
      isTVSelectable={true}
      nativeID={undefined}
      onLayout={undefined}
      onResponderGrant={[Function]}
      onResponderMove={[Function]}
      onResponderRelease={[Function]}
      onResponderTerminate={[Function]}
      onResponderTerminationRequest={[Function]}
      onStartShouldSetResponder={[Function]}
      style={
        Array [
          Object {
            "backgroundColor": "transparent",
            "borderBottomColor": "#bbb",
            "borderBottomWidth": 1,
            "paddingBottom": 10,
            "paddingRight": 10,
            "paddingTop": 10,
          },
          undefined,
          false,
          false,
        ]
      }
      testID={undefined}
      tvParallaxProperties={undefined}
    >
      <View
        style={
          Array [
            Object {
              "alignItems": "center",
              "flexDirection": "row",
              "marginLeft": 10,
            },
            undefined,
          ]
        }
      >
        <View
          style={
            Object {
              "flex": 1,
              "justifyContent": "center",
            }
          }
        >
          <View
            style={undefined}
          >
            <Text
              accessible={true}
              allowFontScaling={true}
              ellipsizeMode="tail"
              numberOfLines={1}
              style={
                Array [
                  Object {},
                  undefined,
                  undefined,
                  undefined,
                  undefined,
                  undefined,
                  undefined,
                  undefined,
                  undefined,
                  undefined,
                  Array [
                    Object {
                      "color": "#43484d",
                      "fontSize": 17.5,
                    },
                    Object {
                      "marginLeft": 10,
                    },
                    undefined,
                    undefined,
                  ],
                ]
              }
            >
              IMDB page
            </Text>
          </View>
          <View
            style={undefined}
          >
            <View />
          </View>
        </View>
        <View
          accessibilityComponentType={undefined}
          accessibilityLabel={undefined}
          accessibilityTraits={undefined}
          accessible={true}
          collapsable={undefined}
          hasTVPreferredFocus={undefined}
          hitSlop={undefined}
          isTVSelectable={true}
          nativeID={undefined}
          onLayout={undefined}
          onResponderGrant={[Function]}
          onResponderMove={[Function]}
          onResponderRelease={[Function]}
          onResponderTerminate={[Function]}
          onResponderTerminationRequest={[Function]}
          onStartShouldSetResponder={[Function]}
          style={
            Object {
              "alignItems": "flex-end",
              "justifyContent": "center",
              "opacity": 1,
            }
          }
          testID={undefined}
          tvParallaxProperties={undefined}
        >
          <View
            onPress={undefined}
            style={
              Array [
                false,
                false,
                false,
                Object {
                  "alignItems": "center",
                  "backgroundColor": "transparent",
                  "justifyContent": "center",
                },
                undefined,
              ]
            }
            underlayColor="white"
          >
            <Text
              accessible={true}
              allowFontScaling={false}
              ellipsizeMode="tail"
              style={
                Array [
                  Object {
                    "color": "#bdc6cf",
                    "fontSize": 28,
                  },
                  Array [
                    Object {
                      "backgroundColor": "transparent",
                    },
                    undefined,
                  ],
                  Object {
                    "fontFamily": "Material Icons",
                    "fontStyle": "normal",
                    "fontWeight": "normal",
                  },
                ]
              }
            >
              
            </Text>
          </View>
        </View>
      </View>
    </View>
    <View
      disabled={false}
      onLongPress={undefined}
      onPress={undefined}
      style={
        Array [
          Object {
            "backgroundColor": "transparent",
            "borderBottomColor": "#bbb",
            "borderBottomWidth": 1,
            "paddingBottom": 10,
            "paddingRight": 10,
            "paddingTop": 10,
          },
          undefined,
          false,
          false,
        ]
      }
      underlayColor="white"
    >
      <View
        style={
          Array [
            Object {
              "alignItems": "center",
              "flexDirection": "row",
              "marginLeft": 10,
            },
            undefined,
          ]
        }
      >
        <View
          style={
            Object {
              "flex": 1,
              "justifyContent": "center",
            }
          }
        >
          <View
            style={undefined}
          >
            <Text
              accessible={true}
              allowFontScaling={true}
              ellipsizeMode="tail"
              numberOfLines={1}
              style={
                Array [
                  Object {},
                  undefined,
                  undefined,
                  undefined,
                  undefined,
                  undefined,
                  undefined,
                  undefined,
                  undefined,
                  undefined,
                  Array [
                    Object {
                      "color": "#43484d",
                      "fontSize": 17.5,
                    },
                    Object {
                      "marginLeft": 10,
                    },
                    undefined,
                    undefined,
                  ],
                ]
              }
            >
              IMDB ID: tt0058946
            </Text>
          </View>
          <View
            style={undefined}
          >
            <View />
          </View>
        </View>
      </View>
    </View>
  </View>
</View>
`;
